<?xml version="1.0" encoding="UTF-8" ?>
<testsuites name="vitest tests" tests="2" failures="0" errors="0" time="0.190409108">
    <testsuite name="test/app.test.ts" timestamp="2026-05-18T10:38:49.469Z" hostname="codespaces-55afbc" tests="2" failures="0" errors="0" skipped="0" time="0.190409108">
        <testcase classname="test/app.test.ts" name="Fastify app &gt; GET /health returns ok status" time="0.168811864">
        </testcase>
        <testcase classname="test/app.test.ts" name="Fastify app &gt; GET / returns app message and version" time="0.01782639">
        </testcase>
    </testsuite>
</testsuites>
